Archive member included to satisfy reference by file (symbol)

c:/program files (x86)/atmel/studio/7.0/toolchain/avr8/avr8-gnu-toolchain/bin/../lib/gcc/avr/5.4.0/avr5\libgcc.a(_exit.o)
                              C:/Program Files (x86)/Atmel/Studio/7.0/Packs/atmel/ATmega_DFP/1.7.374/gcc/dev/atmega32a/avr5/crtatmega32a.o (exit)
c:/program files (x86)/atmel/studio/7.0/toolchain/avr8/avr8-gnu-toolchain/bin/../lib/gcc/avr/5.4.0/avr5\libgcc.a(_tablejump2.o)
                              Application/application.o (__tablejump2__)
c:/program files (x86)/atmel/studio/7.0/toolchain/avr8/avr8-gnu-toolchain/bin/../lib/gcc/avr/5.4.0/avr5\libgcc.a(_clear_bss.o)
                              Application/application.o (__do_clear_bss)

Allocating common symbols
Common symbol       size              file

buttonState         0x1               Application/application.o
buttonCounter       0x4               Application/application.o
currentState        0x1               Application/application.o
nextState           0x1               Application/application.o
timeCounter         0x4               Application/application.o
yellowTimeCounter   0x4               Application/application.o
prevState           0x1               Application/application.o

Discarded input sections

 .data          0x00000000        0x0 C:/Program Files (x86)/Atmel/Studio/7.0/Packs/atmel/ATmega_DFP/1.7.374/gcc/dev/atmega32a/avr5/crtatmega32a.o
 .bss           0x00000000        0x0 C:/Program Files (x86)/Atmel/Studio/7.0/Packs/atmel/ATmega_DFP/1.7.374/gcc/dev/atmega32a/avr5/crtatmega32a.o
 .text          0x00000000        0x0 Application/application.o
 .data          0x00000000        0x0 Application/application.o
 .bss           0x00000000        0x0 Application/application.o
 .text          0x00000000        0x0 ECUAL/BUTTON/button.o
 .data          0x00000000        0x0 ECUAL/BUTTON/button.o
 .bss           0x00000000        0x0 ECUAL/BUTTON/button.o
 .text.BUTTON_read
                0x00000000        0x6 ECUAL/BUTTON/button.o
 .text          0x00000000        0x0 ECUAL/LED/led.o
 .data          0x00000000        0x0 ECUAL/LED/led.o
 .bss           0x00000000        0x0 ECUAL/LED/led.o
 .text          0x00000000        0x0 main.o
 .data          0x00000000        0x0 main.o
 .bss           0x00000000        0x0 main.o
 .text          0x00000000        0x0 MCAL/DIO/dio.o
 .data          0x00000000        0x0 MCAL/DIO/dio.o
 .bss           0x00000000        0x0 MCAL/DIO/dio.o
 .text          0x00000000        0x0 MCAL/INTERRUPT/interrupt.o
 .data          0x00000000        0x0 MCAL/INTERRUPT/interrupt.o
 .bss           0x00000000        0x0 MCAL/INTERRUPT/interrupt.o
 .text          0x00000000        0x0 MCAL/TIMER/timer.o
 .data          0x00000000        0x0 MCAL/TIMER/timer.o
 .bss           0x00000000        0x0 MCAL/TIMER/timer.o
 .text.TIMER0_NORMAL_MODE_init
                0x00000000        0x8 MCAL/TIMER/timer.o
 .debug_info    0x00000000       0x7d MCAL/TIMER/timer.o
 .debug_abbrev  0x00000000       0x60 MCAL/TIMER/timer.o
 .debug_aranges
                0x00000000       0x20 MCAL/TIMER/timer.o
 .debug_ranges  0x00000000       0x10 MCAL/TIMER/timer.o
 .debug_line    0x00000000       0x89 MCAL/TIMER/timer.o
 .debug_str     0x00000000      0x181 MCAL/TIMER/timer.o
 .comment       0x00000000       0x31 MCAL/TIMER/timer.o
 .debug_frame   0x00000000       0x24 MCAL/TIMER/timer.o
 .text          0x00000000        0x0 UTILITIES/DELAY/delay.o
 .data          0x00000000        0x0 UTILITIES/DELAY/delay.o
 .bss           0x00000000        0x0 UTILITIES/DELAY/delay.o
 .text.DELAY_init
                0x00000000        0xa UTILITIES/DELAY/delay.o
 .text.delay_ms
                0x00000000       0x7c UTILITIES/DELAY/delay.o
 .bss.numberOfOverFlows.1584
                0x00000000        0x4 UTILITIES/DELAY/delay.o
 .debug_info    0x00000000       0xc3 UTILITIES/DELAY/delay.o
 .debug_abbrev  0x00000000       0x9a UTILITIES/DELAY/delay.o
 .debug_loc     0x00000000       0x34 UTILITIES/DELAY/delay.o
 .debug_aranges
                0x00000000       0x28 UTILITIES/DELAY/delay.o
 .debug_ranges  0x00000000       0x18 UTILITIES/DELAY/delay.o
 .debug_line    0x00000000       0xee UTILITIES/DELAY/delay.o
 .debug_str     0x00000000      0x1b3 UTILITIES/DELAY/delay.o
 .comment       0x00000000       0x31 UTILITIES/DELAY/delay.o
 .debug_frame   0x00000000       0x34 UTILITIES/DELAY/delay.o
 .text          0x00000000        0x0 UTILITIES/MILLIS/millis.o
 .data          0x00000000        0x0 UTILITIES/MILLIS/millis.o
 .bss           0x00000000        0x0 UTILITIES/MILLIS/millis.o
 .text          0x00000000        0x0 c:/program files (x86)/atmel/studio/7.0/toolchain/avr8/avr8-gnu-toolchain/bin/../lib/gcc/avr/5.4.0/avr5\libgcc.a(_exit.o)
 .data          0x00000000        0x0 c:/program files (x86)/atmel/studio/7.0/toolchain/avr8/avr8-gnu-toolchain/bin/../lib/gcc/avr/5.4.0/avr5\libgcc.a(_exit.o)
 .bss           0x00000000        0x0 c:/program files (x86)/atmel/studio/7.0/toolchain/avr8/avr8-gnu-toolchain/bin/../lib/gcc/avr/5.4.0/avr5\libgcc.a(_exit.o)
 .text.libgcc.mul
                0x00000000        0x0 c:/program files (x86)/atmel/studio/7.0/toolchain/avr8/avr8-gnu-toolchain/bin/../lib/gcc/avr/5.4.0/avr5\libgcc.a(_exit.o)
 .text.libgcc.div
                0x00000000        0x0 c:/program files (x86)/atmel/studio/7.0/toolchain/avr8/avr8-gnu-toolchain/bin/../lib/gcc/avr/5.4.0/avr5\libgcc.a(_exit.o)
 .text.libgcc   0x00000000        0x0 c:/program files (x86)/atmel/studio/7.0/toolchain/avr8/avr8-gnu-toolchain/bin/../lib/gcc/avr/5.4.0/avr5\libgcc.a(_exit.o)
 .text.libgcc.prologue
                0x00000000        0x0 c:/program files (x86)/atmel/studio/7.0/toolchain/avr8/avr8-gnu-toolchain/bin/../lib/gcc/avr/5.4.0/avr5\libgcc.a(_exit.o)
 .text.libgcc.builtins
                0x00000000        0x0 c:/program files (x86)/atmel/studio/7.0/toolchain/avr8/avr8-gnu-toolchain/bin/../lib/gcc/avr/5.4.0/avr5\libgcc.a(_exit.o)
 .text.libgcc.fmul
                0x00000000        0x0 c:/program files (x86)/atmel/studio/7.0/toolchain/avr8/avr8-gnu-toolchain/bin/../lib/gcc/avr/5.4.0/avr5\libgcc.a(_exit.o)
 .text.libgcc.fixed
                0x00000000        0x0 c:/program files (x86)/atmel/studio/7.0/toolchain/avr8/avr8-gnu-toolchain/bin/../lib/gcc/avr/5.4.0/avr5\libgcc.a(_exit.o)
 .text          0x00000000        0x0 c:/program files (x86)/atmel/studio/7.0/toolchain/avr8/avr8-gnu-toolchain/bin/../lib/gcc/avr/5.4.0/avr5\libgcc.a(_tablejump2.o)
 .data          0x00000000        0x0 c:/program files (x86)/atmel/studio/7.0/toolchain/avr8/avr8-gnu-toolchain/bin/../lib/gcc/avr/5.4.0/avr5\libgcc.a(_tablejump2.o)
 .bss           0x00000000        0x0 c:/program files (x86)/atmel/studio/7.0/toolchain/avr8/avr8-gnu-toolchain/bin/../lib/gcc/avr/5.4.0/avr5\libgcc.a(_tablejump2.o)
 .text.libgcc.mul
                0x00000000        0x0 c:/program files (x86)/atmel/studio/7.0/toolchain/avr8/avr8-gnu-toolchain/bin/../lib/gcc/avr/5.4.0/avr5\libgcc.a(_tablejump2.o)
 .text.libgcc.div
                0x00000000        0x0 c:/program files (x86)/atmel/studio/7.0/toolchain/avr8/avr8-gnu-toolchain/bin/../lib/gcc/avr/5.4.0/avr5\libgcc.a(_tablejump2.o)
 .text.libgcc.prologue
                0x00000000        0x0 c:/program files (x86)/atmel/studio/7.0/toolchain/avr8/avr8-gnu-toolchain/bin/../lib/gcc/avr/5.4.0/avr5\libgcc.a(_tablejump2.o)
 .text.libgcc.builtins
                0x00000000        0x0 c:/program files (x86)/atmel/studio/7.0/toolchain/avr8/avr8-gnu-toolchain/bin/../lib/gcc/avr/5.4.0/avr5\libgcc.a(_tablejump2.o)
 .text.libgcc.fmul
                0x00000000        0x0 c:/program files (x86)/atmel/studio/7.0/toolchain/avr8/avr8-gnu-toolchain/bin/../lib/gcc/avr/5.4.0/avr5\libgcc.a(_tablejump2.o)
 .text.libgcc.fixed
                0x00000000        0x0 c:/program files (x86)/atmel/studio/7.0/toolchain/avr8/avr8-gnu-toolchain/bin/../lib/gcc/avr/5.4.0/avr5\libgcc.a(_tablejump2.o)
 .text          0x00000000        0x0 c:/program files (x86)/atmel/studio/7.0/toolchain/avr8/avr8-gnu-toolchain/bin/../lib/gcc/avr/5.4.0/avr5\libgcc.a(_clear_bss.o)
 .data          0x00000000        0x0 c:/program files (x86)/atmel/studio/7.0/toolchain/avr8/avr8-gnu-toolchain/bin/../lib/gcc/avr/5.4.0/avr5\libgcc.a(_clear_bss.o)
 .bss           0x00000000        0x0 c:/program files (x86)/atmel/studio/7.0/toolchain/avr8/avr8-gnu-toolchain/bin/../lib/gcc/avr/5.4.0/avr5\libgcc.a(_clear_bss.o)
 .text.libgcc.mul
                0x00000000        0x0 c:/program files (x86)/atmel/studio/7.0/toolchain/avr8/avr8-gnu-toolchain/bin/../lib/gcc/avr/5.4.0/avr5\libgcc.a(_clear_bss.o)
 .text.libgcc.div
                0x00000000        0x0 c:/program files (x86)/atmel/studio/7.0/toolchain/avr8/avr8-gnu-toolchain/bin/../lib/gcc/avr/5.4.0/avr5\libgcc.a(_clear_bss.o)
 .text.libgcc   0x00000000        0x0 c:/program files (x86)/atmel/studio/7.0/toolchain/avr8/avr8-gnu-toolchain/bin/../lib/gcc/avr/5.4.0/avr5\libgcc.a(_clear_bss.o)
 .text.libgcc.prologue
                0x00000000        0x0 c:/program files (x86)/atmel/studio/7.0/toolchain/avr8/avr8-gnu-toolchain/bin/../lib/gcc/avr/5.4.0/avr5\libgcc.a(_clear_bss.o)
 .text.libgcc.builtins
                0x00000000        0x0 c:/program files (x86)/atmel/studio/7.0/toolchain/avr8/avr8-gnu-toolchain/bin/../lib/gcc/avr/5.4.0/avr5\libgcc.a(_clear_bss.o)
 .text.libgcc.fmul
                0x00000000        0x0 c:/program files (x86)/atmel/studio/7.0/toolchain/avr8/avr8-gnu-toolchain/bin/../lib/gcc/avr/5.4.0/avr5\libgcc.a(_clear_bss.o)
 .text.libgcc.fixed
                0x00000000        0x0 c:/program files (x86)/atmel/studio/7.0/toolchain/avr8/avr8-gnu-toolchain/bin/../lib/gcc/avr/5.4.0/avr5\libgcc.a(_clear_bss.o)

Memory Configuration

Name             Origin             Length             Attributes
text             0x00000000         0x00008000         xr
data             0x00800060         0x00000800         rw !x
eeprom           0x00810000         0x00000400         rw !x
fuse             0x00820000         0x00000002         rw !x
lock             0x00830000         0x00000400         rw !x
signature        0x00840000         0x00000400         rw !x
user_signatures  0x00850000         0x00000400         rw !x
*default*        0x00000000         0xffffffff

Linker script and memory map

LOAD C:/Program Files (x86)/Atmel/Studio/7.0/Packs/atmel/ATmega_DFP/1.7.374/gcc/dev/atmega32a/avr5/crtatmega32a.o
LOAD Application/application.o
LOAD ECUAL/BUTTON/button.o
LOAD ECUAL/LED/led.o
LOAD main.o
LOAD MCAL/DIO/dio.o
LOAD MCAL/INTERRUPT/interrupt.o
LOAD MCAL/TIMER/timer.o
LOAD UTILITIES/DELAY/delay.o
LOAD UTILITIES/MILLIS/millis.o
START GROUP
LOAD c:/program files (x86)/atmel/studio/7.0/toolchain/avr8/avr8-gnu-toolchain/bin/../lib/gcc/avr/5.4.0/../../../../avr/lib/avr5\libm.a
END GROUP
START GROUP
LOAD c:/program files (x86)/atmel/studio/7.0/toolchain/avr8/avr8-gnu-toolchain/bin/../lib/gcc/avr/5.4.0/avr5\libgcc.a
LOAD c:/program files (x86)/atmel/studio/7.0/toolchain/avr8/avr8-gnu-toolchain/bin/../lib/gcc/avr/5.4.0/../../../../avr/lib/avr5\libm.a
LOAD c:/program files (x86)/atmel/studio/7.0/toolchain/avr8/avr8-gnu-toolchain/bin/../lib/gcc/avr/5.4.0/../../../../avr/lib/avr5\libc.a
LOAD C:/Program Files (x86)/Atmel/Studio/7.0/Packs/atmel/ATmega_DFP/1.7.374/gcc/dev/atmega32a/avr5\libatmega32a.a
END GROUP
                [0x00000000]                __TEXT_REGION_ORIGIN__ = DEFINED (__TEXT_REGION_ORIGIN__)?__TEXT_REGION_ORIGIN__:0x0
                [0x00800060]                __DATA_REGION_ORIGIN__ = DEFINED (__DATA_REGION_ORIGIN__)?__DATA_REGION_ORIGIN__:0x800060
                [0x00008000]                __TEXT_REGION_LENGTH__ = DEFINED (__TEXT_REGION_LENGTH__)?__TEXT_REGION_LENGTH__:0x20000
                [0x00000800]                __DATA_REGION_LENGTH__ = DEFINED (__DATA_REGION_LENGTH__)?__DATA_REGION_LENGTH__:0xffa0
                [0x00000400]                __EEPROM_REGION_LENGTH__ = DEFINED (__EEPROM_REGION_LENGTH__)?__EEPROM_REGION_LENGTH__:0x10000
                [0x00000002]                __FUSE_REGION_LENGTH__ = DEFINED (__FUSE_REGION_LENGTH__)?__FUSE_REGION_LENGTH__:0x400
                0x00000400                __LOCK_REGION_LENGTH__ = DEFINED (__LOCK_REGION_LENGTH__)?__LOCK_REGION_LENGTH__:0x400
                0x00000400                __SIGNATURE_REGION_LENGTH__ = DEFINED (__SIGNATURE_REGION_LENGTH__)?__SIGNATURE_REGION_LENGTH__:0x400
                0x00000400                __USER_SIGNATURE_REGION_LENGTH__ = DEFINED (__USER_SIGNATURE_REGION_LENGTH__)?__USER_SIGNATURE_REGION_LENGTH__:0x400

.hash
 *(.hash)

.dynsym
 *(.dynsym)

.dynstr
 *(.dynstr)

.gnu.version
 *(.gnu.version)

.gnu.version_d
 *(.gnu.version_d)

.gnu.version_r
 *(.gnu.version_r)

.rel.init
 *(.rel.init)

.rela.init
 *(.rela.init)

.rel.text
 *(.rel.text)
 *(.rel.text.*)
 *(.rel.gnu.linkonce.t*)

.rela.text
 *(.rela.text)
 *(.rela.text.*)
 *(.rela.gnu.linkonce.t*)

.rel.fini
 *(.rel.fini)

.rela.fini
 *(.rela.fini)

.rel.rodata
 *(.rel.rodata)
 *(.rel.rodata.*)
 *(.rel.gnu.linkonce.r*)

.rela.rodata
 *(.rela.rodata)
 *(.rela.rodata.*)
 *(.rela.gnu.linkonce.r*)

.rel.data
 *(.rel.data)
 *(.rel.data.*)
 *(.rel.gnu.linkonce.d*)

.rela.data
 *(.rela.data)
 *(.rela.data.*)
 *(.rela.gnu.linkonce.d*)

.rel.ctors
 *(.rel.ctors)

.rela.ctors
 *(.rela.ctors)

.rel.dtors
 *(.rel.dtors)

.rela.dtors
 *(.rela.dtors)

.rel.got
 *(.rel.got)

.rela.got
 *(.rela.got)

.rel.bss
 *(.rel.bss)

.rela.bss
 *(.rela.bss)

.rel.plt
 *(.rel.plt)

.rela.plt
 *(.rela.plt)

.text           0x00000000      0xa7c
 *(.vectors)
 .vectors       0x00000000       0x54 C:/Program Files (x86)/Atmel/Studio/7.0/Packs/atmel/ATmega_DFP/1.7.374/gcc/dev/atmega32a/avr5/crtatmega32a.o
                0x00000000                __vector_default
                0x00000000                __vectors
 *(.vectors)
 *(.progmem.gcc*)
 .progmem.gcc_sw_table.APP_start
                0x00000054       0x14 Application/application.o
                0x00000068                . = ALIGN (0x2)
                0x00000068                __trampolines_start = .
 *(.trampolines)
 .trampolines   0x00000068        0x0 linker stubs
 *(.trampolines*)
                0x00000068                __trampolines_end = .
 *libprintf_flt.a:*(.progmem.data)
 *libc.a:*(.progmem.data)
 *(.progmem*)
                0x00000068                . = ALIGN (0x2)
 *(.jumptables)
 *(.jumptables*)
 *(.lowtext)
 *(.lowtext*)
                0x00000068                __ctors_start = .
 *(.ctors)
                0x00000068                __ctors_end = .
                0x00000068                __dtors_start = .
 *(.dtors)
                0x00000068                __dtors_end = .
 SORT(*)(.ctors)
 SORT(*)(.dtors)
 *(.init0)
 .init0         0x00000068        0x0 C:/Program Files (x86)/Atmel/Studio/7.0/Packs/atmel/ATmega_DFP/1.7.374/gcc/dev/atmega32a/avr5/crtatmega32a.o
                0x00000068                __init
 *(.init0)
 *(.init1)
 *(.init1)
 *(.init2)
 .init2         0x00000068        0xc C:/Program Files (x86)/Atmel/Studio/7.0/Packs/atmel/ATmega_DFP/1.7.374/gcc/dev/atmega32a/avr5/crtatmega32a.o
 *(.init2)
 *(.init3)
 *(.init3)
 *(.init4)
 .init4         0x00000074       0x10 c:/program files (x86)/atmel/studio/7.0/toolchain/avr8/avr8-gnu-toolchain/bin/../lib/gcc/avr/5.4.0/avr5\libgcc.a(_clear_bss.o)
                0x00000074                __do_clear_bss
 *(.init4)
 *(.init5)
 *(.init5)
 *(.init6)
 *(.init6)
 *(.init7)
 *(.init7)
 *(.init8)
 *(.init8)
 *(.init9)
 .init9         0x00000084        0x8 C:/Program Files (x86)/Atmel/Studio/7.0/Packs/atmel/ATmega_DFP/1.7.374/gcc/dev/atmega32a/avr5/crtatmega32a.o
 *(.init9)
 *(.text)
 .text          0x0000008c        0x4 C:/Program Files (x86)/Atmel/Studio/7.0/Packs/atmel/ATmega_DFP/1.7.374/gcc/dev/atmega32a/avr5/crtatmega32a.o
                0x0000008c                __vector_12
                0x0000008c                __bad_interrupt
                0x0000008c                __vector_6
                0x0000008c                __vector_3
                0x0000008c                __vector_11
                0x0000008c                __vector_13
                0x0000008c                __vector_17
                0x0000008c                __vector_19
                0x0000008c                __vector_7
                0x0000008c                __vector_4
                0x0000008c                __vector_9
                0x0000008c                __vector_2
                0x0000008c                __vector_15
                0x0000008c                __vector_8
                0x0000008c                __vector_14
                0x0000008c                __vector_10
                0x0000008c                __vector_16
                0x0000008c                __vector_18
                0x0000008c                __vector_20
                0x00000090                . = ALIGN (0x2)
 *(.text.*)
 .text.__vector_1
                0x00000090       0x3e Application/application.o
                0x00000090                __vector_1
 .text.carsCurretLED
                0x000000ce       0x76 Application/application.o
                0x000000ce                carsCurretLED
 .text.pedestriansCurretLED
                0x00000144       0x76 Application/application.o
                0x00000144                pedestriansCurretLED
 .text.APP_init
                0x000001ba       0x54 Application/application.o
                0x000001ba                APP_init
 .text.APP_start
                0x0000020e      0x418 Application/application.o
                0x0000020e                APP_start
 .text.BUTTON_init
                0x00000626        0x8 ECUAL/BUTTON/button.o
                0x00000626                BUTTON_init
 .text.LED_init
                0x0000062e        0x8 ECUAL/LED/led.o
                0x0000062e                LED_init
 .text.LED_on   0x00000636        0x8 ECUAL/LED/led.o
                0x00000636                LED_on
 .text.LED_off  0x0000063e        0x8 ECUAL/LED/led.o
                0x0000063e                LED_off
 .text.LED_toggle
                0x00000646        0x6 ECUAL/LED/led.o
                0x00000646                LED_toggle
 .text.main     0x0000064c        0xe main.o
                0x0000064c                main
 .text.DIO_init
                0x0000065a      0x134 MCAL/DIO/dio.o
                0x0000065a                DIO_init
 .text.DIO_write
                0x0000078e      0x134 MCAL/DIO/dio.o
                0x0000078e                DIO_write
 .text.DIO_read
                0x000008c2       0xd6 MCAL/DIO/dio.o
                0x000008c2                DIO_read
 .text.DIO_toggle
                0x00000998       0x38 MCAL/DIO/dio.o
                0x00000998                DIO_toggle
 .text.EXT_INT_0_FALLING_init
                0x000009d0       0x10 MCAL/INTERRUPT/interrupt.o
                0x000009d0                EXT_INT_0_FALLING_init
 .text.MILLIS_init
                0x000009e0       0x16 UTILITIES/MILLIS/millis.o
                0x000009e0                MILLIS_init
 .text.millis   0x000009f6       0x12 UTILITIES/MILLIS/millis.o
                0x000009f6                millis
 .text.__vector_5
                0x00000a08       0x64 UTILITIES/MILLIS/millis.o
                0x00000a08                __vector_5
 .text.libgcc   0x00000a6c        0xc c:/program files (x86)/atmel/studio/7.0/toolchain/avr8/avr8-gnu-toolchain/bin/../lib/gcc/avr/5.4.0/avr5\libgcc.a(_tablejump2.o)
                0x00000a6c                __tablejump2__
                0x00000a78                . = ALIGN (0x2)
 *(.fini9)
 .fini9         0x00000a78        0x0 c:/program files (x86)/atmel/studio/7.0/toolchain/avr8/avr8-gnu-toolchain/bin/../lib/gcc/avr/5.4.0/avr5\libgcc.a(_exit.o)
                0x00000a78                _exit
                0x00000a78                exit
 *(.fini9)
 *(.fini8)
 *(.fini8)
 *(.fini7)
 *(.fini7)
 *(.fini6)
 *(.fini6)
 *(.fini5)
 *(.fini5)
 *(.fini4)
 *(.fini4)
 *(.fini3)
 *(.fini3)
 *(.fini2)
 *(.fini2)
 *(.fini1)
 *(.fini1)
 *(.fini0)
 .fini0         0x00000a78        0x4 c:/program files (x86)/atmel/studio/7.0/toolchain/avr8/avr8-gnu-toolchain/bin/../lib/gcc/avr/5.4.0/avr5\libgcc.a(_exit.o)
 *(.fini0)
                0x00000a7c                _etext = .

.data           0x00800060        0x0 load address 0x00000a7c
                [!provide]                PROVIDE (__data_start, .)
 *(.data)
 *(.data*)
 *(.gnu.linkonce.d*)
 *(.rodata)
 *(.rodata*)
 *(.gnu.linkonce.r*)
                0x00800060                . = ALIGN (0x2)
                0x00800060                _edata = .
                [!provide]                PROVIDE (__data_end, .)

.bss            0x00800060       0x15
                0x00800060                PROVIDE (__bss_start, .)
 *(.bss)
 *(.bss*)
 .bss.ms        0x00800060        0x4 UTILITIES/MILLIS/millis.o
                0x00800060                ms
 .bss.numberOfOverflows
                0x00800064        0x1 UTILITIES/MILLIS/millis.o
                0x00800064                numberOfOverflows
 *(COMMON)
 COMMON         0x00800065       0x10 Application/application.o
                0x00800065                buttonState
                0x00800066                buttonCounter
                0x0080006a                currentState
                0x0080006b                nextState
                0x0080006c                timeCounter
                0x00800070                yellowTimeCounter
                0x00800074                prevState
                0x00800075                PROVIDE (__bss_end, .)
                0x00000a7c                __data_load_start = LOADADDR (.data)
                0x00000a7c                __data_load_end = (__data_load_start + SIZEOF (.data))

.noinit         0x00800075        0x0
                [!provide]                PROVIDE (__noinit_start, .)
 *(.noinit*)
                [!provide]                PROVIDE (__noinit_end, .)
                0x00800075                _end = .
                [!provide]                PROVIDE (__heap_start, .)

.eeprom         0x00810000        0x0
 *(.eeprom*)
                0x00810000                __eeprom_end = .

.fuse
 *(.fuse)
 *(.lfuse)
 *(.hfuse)
 *(.efuse)

.lock
 *(.lock*)

.signature
 *(.signature*)

.user_signatures
 *(.user_signatures*)

.stab
 *(.stab)

.stabstr
 *(.stabstr)

.stab.excl
 *(.stab.excl)

.stab.exclstr
 *(.stab.exclstr)

.stab.index
 *(.stab.index)

.stab.indexstr
 *(.stab.indexstr)

.comment        0x00000000       0x30
 *(.comment)
 .comment       0x00000000       0x30 Application/application.o
                                 0x31 (size before relaxing)
 .comment       0x00000030       0x31 ECUAL/BUTTON/button.o
 .comment       0x00000030       0x31 ECUAL/LED/led.o
 .comment       0x00000030       0x31 main.o
 .comment       0x00000030       0x31 MCAL/DIO/dio.o
 .comment       0x00000030       0x31 MCAL/INTERRUPT/interrupt.o
 .comment       0x00000030       0x31 UTILITIES/MILLIS/millis.o

.note.gnu.avr.deviceinfo
                0x00000000       0x3c
 .note.gnu.avr.deviceinfo
                0x00000000       0x3c C:/Program Files (x86)/Atmel/Studio/7.0/Packs/atmel/ATmega_DFP/1.7.374/gcc/dev/atmega32a/avr5/crtatmega32a.o

.note.gnu.build-id
 *(.note.gnu.build-id)

.debug
 *(.debug)

.line
 *(.line)

.debug_srcinfo
 *(.debug_srcinfo)

.debug_sfnames
 *(.debug_sfnames)

.debug_aranges  0x00000000      0x148
 *(.debug_aranges)
 .debug_aranges
                0x00000000       0x40 Application/application.o
 .debug_aranges
                0x00000040       0x28 ECUAL/BUTTON/button.o
 .debug_aranges
                0x00000068       0x38 ECUAL/LED/led.o
 .debug_aranges
                0x000000a0       0x20 main.o
 .debug_aranges
                0x000000c0       0x38 MCAL/DIO/dio.o
 .debug_aranges
                0x000000f8       0x20 MCAL/INTERRUPT/interrupt.o
 .debug_aranges
                0x00000118       0x30 UTILITIES/MILLIS/millis.o

.debug_pubnames
 *(.debug_pubnames)

.debug_info     0x00000000     0x1452
 *(.debug_info .gnu.linkonce.wi.*)
 .debug_info    0x00000000      0x4e6 C:/Program Files (x86)/Atmel/Studio/7.0/Packs/atmel/ATmega_DFP/1.7.374/gcc/dev/atmega32a/avr5/crtatmega32a.o
 .debug_info    0x000004e6      0x78d Application/application.o
 .debug_info    0x00000c73      0x17d ECUAL/BUTTON/button.o
 .debug_info    0x00000df0      0x23a ECUAL/LED/led.o
 .debug_info    0x0000102a       0x83 main.o
 .debug_info    0x000010ad      0x248 MCAL/DIO/dio.o
 .debug_info    0x000012f5       0x7d MCAL/INTERRUPT/interrupt.o
 .debug_info    0x00001372       0xe0 UTILITIES/MILLIS/millis.o

.debug_abbrev   0x00000000      0x952
 *(.debug_abbrev)
 .debug_abbrev  0x00000000      0x4a3 C:/Program Files (x86)/Atmel/Studio/7.0/Packs/atmel/ATmega_DFP/1.7.374/gcc/dev/atmega32a/avr5/crtatmega32a.o
 .debug_abbrev  0x000004a3      0x11e Application/application.o
 .debug_abbrev  0x000005c1       0xa5 ECUAL/BUTTON/button.o
 .debug_abbrev  0x00000666       0xa5 ECUAL/LED/led.o
 .debug_abbrev  0x0000070b       0x65 main.o
 .debug_abbrev  0x00000770       0xe1 MCAL/DIO/dio.o
 .debug_abbrev  0x00000851       0x60 MCAL/INTERRUPT/interrupt.o
 .debug_abbrev  0x000008b1       0xa1 UTILITIES/MILLIS/millis.o

.debug_line     0x00000000      0xc10
 *(.debug_line .debug_line.* .debug_line_end)
 .debug_line    0x00000000      0x116 C:/Program Files (x86)/Atmel/Studio/7.0/Packs/atmel/ATmega_DFP/1.7.374/gcc/dev/atmega32a/avr5/crtatmega32a.o
 .debug_line    0x00000116      0x4cf Application/application.o
 .debug_line    0x000005e5       0xc1 ECUAL/BUTTON/button.o
 .debug_line    0x000006a6       0xfc ECUAL/LED/led.o
 .debug_line    0x000007a2       0x6d main.o
 .debug_line    0x0000080f      0x282 MCAL/DIO/dio.o
 .debug_line    0x00000a91       0x99 MCAL/INTERRUPT/interrupt.o
 .debug_line    0x00000b2a       0xe6 UTILITIES/MILLIS/millis.o

.debug_frame    0x00000000      0x218
 *(.debug_frame)
 .debug_frame   0x00000000       0x74 Application/application.o
 .debug_frame   0x00000074       0x34 ECUAL/BUTTON/button.o
 .debug_frame   0x000000a8       0x54 ECUAL/LED/led.o
 .debug_frame   0x000000fc       0x24 main.o
 .debug_frame   0x00000120       0x70 MCAL/DIO/dio.o
 .debug_frame   0x00000190       0x24 MCAL/INTERRUPT/interrupt.o
 .debug_frame   0x000001b4       0x64 UTILITIES/MILLIS/millis.o

.debug_str      0x00000000      0x644
 *(.debug_str)
 .debug_str     0x00000000      0x196 C:/Program Files (x86)/Atmel/Studio/7.0/Packs/atmel/ATmega_DFP/1.7.374/gcc/dev/atmega32a/avr5/crtatmega32a.o
 .debug_str     0x00000196      0x2f1 Application/application.o
                                0x2fe (size before relaxing)
 .debug_str     0x00000487       0xac ECUAL/BUTTON/button.o
                                0x1e9 (size before relaxing)
 .debug_str     0x00000533       0x45 ECUAL/LED/led.o
                                0x1fc (size before relaxing)
 .debug_str     0x00000578       0x11 main.o
                                0x14d (size before relaxing)
 .debug_str     0x00000589       0x22 MCAL/DIO/dio.o
                                0x219 (size before relaxing)
 .debug_str     0x000005ab       0x3a MCAL/INTERRUPT/interrupt.o
                                0x182 (size before relaxing)
 .debug_str     0x000005e5       0x5f UTILITIES/MILLIS/millis.o
                                0x1b5 (size before relaxing)

.debug_loc      0x00000000      0xae5
 *(.debug_loc)
 .debug_loc     0x00000000      0x114 Application/application.o
 .debug_loc     0x00000114       0xaa ECUAL/BUTTON/button.o
 .debug_loc     0x000001be      0x108 ECUAL/LED/led.o
 .debug_loc     0x000002c6      0x7bc MCAL/DIO/dio.o
 .debug_loc     0x00000a82       0x63 UTILITIES/MILLIS/millis.o

.debug_macinfo
 *(.debug_macinfo)

.debug_weaknames
 *(.debug_weaknames)

.debug_funcnames
 *(.debug_funcnames)

.debug_typenames
 *(.debug_typenames)

.debug_varnames
 *(.debug_varnames)

.debug_pubtypes
 *(.debug_pubtypes)

.debug_ranges   0x00000000       0xd8
 *(.debug_ranges)
 .debug_ranges  0x00000000       0x30 Application/application.o
 .debug_ranges  0x00000030       0x18 ECUAL/BUTTON/button.o
 .debug_ranges  0x00000048       0x28 ECUAL/LED/led.o
 .debug_ranges  0x00000070       0x10 main.o
 .debug_ranges  0x00000080       0x28 MCAL/DIO/dio.o
 .debug_ranges  0x000000a8       0x10 MCAL/INTERRUPT/interrupt.o
 .debug_ranges  0x000000b8       0x20 UTILITIES/MILLIS/millis.o

.debug_macro
 *(.debug_macro)
OUTPUT(On-demand Traffic light control.elf elf32-avr)
LOAD linker stubs
